// Jest Snapshot v1, https://goo.gl/fbAQLP

exports[`Test button successfully should be able to render the button 1`] = `
<div>
  <button>
    Fazer login
  </button>
</div>
`;
